---
source: pkgs/clcry/src/frame.rs
expression: render(layout)
---
Margin
+-----------+
|           |
|           |
|  +-----+  |
|  |hello|  |
|  +-----+  |
|           |
|           |
+-----------+
Padding
+-----------+
|+---------+|
||         ||
||         ||
||  hello  ||
||         ||
||         ||
|+---------+|
+-----------+
Border
+-------+
|+-----+|
||hello||
|+-----+|
+-------+
All
+-----------+
|           |
| +-------+ |
| |       | |
| | hello | |
| |       | |
| +-------+ |
|           |
+-----------+
