---
source: pkgs/clcry/src/linear_layout.rs
expression: snapshots
---
wide
##############################################################
#                               ▉                            #
##############################################################

narrow
##########################################
#                     ▎                  #
##########################################
