---
source: pkgs/clcry/src/progress_bar.rs
expression: snapshots
---
25% at width 5
#######
# ▎   #
#######

25% at width 10
############
#  ▌       #
############

25% at width 20
######################
#                    #
######################

25% at width 50
####################################################
#            ▌                                     #
####################################################
