---
source: pkgs/clcry/src/progress_bar.rs
expression: snapshots
---
empty
############
#          #
############

fraction 1/8
############
#   ▏      #
############

fraction 2/8
############
#   ▎      #
############

fraction 3/8
############
#   ▍      #
############

fraction 4/8
############
#   ▌      #
############

fraction 5/8
############
#   ▋      #
############

fraction 6/8
############
#   ▊      #
############

fraction 7/8
############
#   ▉      #
############

complete
############
#          #
############
