---
source: pkgs/clcry/src/grid.rs
expression: "render(crate::vstack![..cases].gap(1))"
---
3x3 gap 1
+-----+
|A░B░C|
|░░░░░|
|D░E░F|
|░░░░░|
|G░H░I|
+-----+

3x3 content columns fit content
+--------------+
|AAA░b   ░c    |
|░░░░░░░░░░░░░░|
|d  ░BBBB░f    |
|░░░░░░░░░░░░░░|
|g  ░h   ░CCCCC|
+--------------+

3x3 middle column flex
+--------------------+
|A ░middle       ░X  |
|BB░center       ░YYY|
|C ░wide         ░Z  |
+--------------------+

3x3 flex columns 1,2,1
+--------------------+
|A    ░B        ░C   |
|░░░░░░░░░░░░░░░░░░░░|
|DD   ░EEE      ░F   |
|░░░░░░░░░░░░░░░░░░░░|
|G    ░H        ░II  |
+--------------------+

3x3 flex columns 1,2,1 gap 2
+--------------------+
|A   ░░B       ░░C   |
|░░░░░░░░░░░░░░░░░░░░|
|░░░░░░░░░░░░░░░░░░░░|
|DD  ░░EEE     ░░F   |
|░░░░░░░░░░░░░░░░░░░░|
|░░░░░░░░░░░░░░░░░░░░|
|G   ░░H       ░░II  |
+--------------------+
