---
source: pkgs/clcry/src/grid.rs
expression: "render(crate::vstack![..cases].gap(1))"
---
1x1
+-+
|A|
+-+

1x3
+---+
|ABC|
+---+

3x1
+-+
|A|
|B|
|C|
+-+

2x2
+--+
|AB|
|CD|
+--+

2x3 flexible middle column
+--------------------+
|A  B             X  |
|BB CC            YYY|
+--------------------+
