---
source: pkgs/djson/src/lexer/mod.rs
expression: cases
---
comment: unterminated block
input: `/* comment`
error: `unterminated block comment`

num: int overflow
input: `9223372036854775808`
error: `invalid number`

num: trailing separator
input: `100_`
error: `invalid number`

num: separator sequence
input: `1__000`
error: `invalid number`

num: mixed separator sequence
input: `1_'000`
error: `invalid number`

str: unterminated `"`
input: `"str`
error: `unterminated string`

str: unterminated `'`
input: `'str`
error: `unterminated string`
